// Jest Snapshot v1, https://goo.gl/fbAQLP

exports[`Elements render should render 1`] = `
<div>
  hello world
</div>
`;
